To honour the JVM settings for this build a single-use Daemon process will be forked. For more on this, please refer to https://docs.gradle.org/8.11.1/userguide/gradle_daemon.html#sec:disabling_the_daemon in the Gradle documentation.
Daemon will be stopped at the end of the build 
> Task :app:preBuild UP-TO-DATE
> Task :app:preDebugBuild UP-TO-DATE
> Task :app:mergeDebugNativeDebugMetadata NO-SOURCE
> Task :app:checkKotlinGradlePluginConfigurationErrors SKIPPED
> Task :app:generateDebugBuildConfig
> Task :app:generateDebugResValues
> Task :app:checkDebugAarMetadata
> Task :app:mapDebugSourceSetPaths
> Task :app:generateDebugResources
> Task :app:createDebugCompatibleScreenManifests
> Task :app:extractDeepLinksDebug
> Task :app:mergeDebugResources
> Task :app:processDebugMainManifest
> Task :app:packageDebugResources
> Task :app:parseDebugLocalResources
> Task :app:processDebugManifest
> Task :app:processDebugManifestForPackage
> Task :app:javaPreCompileDebug
> Task :app:mergeDebugShaders
> Task :app:compileDebugShaders NO-SOURCE
> Task :app:processDebugResources
> Task :app:downloadVerifiedScrcpy
> Task :app:generateDebugAssets UP-TO-DATE
> Task :app:mergeDebugAssets
> Task :app:compressDebugAssets
> Task :app:desugarDebugFileDependencies
> Task :app:checkDebugDuplicateClasses
> Task :app:mergeExtDexDebug
> Task :app:mergeLibDexDebug
> Task :app:mergeDebugJniLibFolders
> Task :app:mergeDebugNativeLibs

> Task :app:stripDebugDebugSymbols
Unable to strip the following libraries, packaging them as they are: libandroidx.graphics.path.so.

> Task :app:validateSigningDebug
> Task :app:writeDebugAppMetadata
> Task :app:writeDebugSigningConfigVersions
> Task :app:compileDebugKotlin
w: file:///home/runner/work/RealityEngineV4/RealityEngineV4/app/src/main/java/com/realityengine/v4/AudioRouteState.kt:21:150 'val state: Int' is deprecated. Deprecated in Java.
w: file:///home/runner/work/RealityEngineV4/RealityEngineV4/app/src/main/java/com/realityengine/v4/CallActivity.kt:164:52 'val callAudioState: CallAudioState!' is deprecated. Deprecated in Java.
w: file:///home/runner/work/RealityEngineV4/RealityEngineV4/app/src/main/java/com/realityengine/v4/CallActivity.kt:166:24 'val state: Int' is deprecated. Deprecated in Java.
w: file:///home/runner/work/RealityEngineV4/RealityEngineV4/app/src/main/java/com/realityengine/v4/CallActivity.kt:402:92 'val state: Int' is deprecated. Deprecated in Java.
w: file:///home/runner/work/RealityEngineV4/RealityEngineV4/app/src/main/java/com/realityengine/v4/CallActivity.kt:403:119 'val state: Int' is deprecated. Deprecated in Java.
w: file:///home/runner/work/RealityEngineV4/RealityEngineV4/app/src/main/java/com/realityengine/v4/CallActivity.kt:570:22 'val state: Int' is deprecated. Deprecated in Java.
w: file:///home/runner/work/RealityEngineV4/RealityEngineV4/app/src/main/java/com/realityengine/v4/CallActivity.kt:570:61 'val state: Int' is deprecated. Deprecated in Java.
w: file:///home/runner/work/RealityEngineV4/RealityEngineV4/app/src/main/java/com/realityengine/v4/CallActivity.kt:586:22 'val state: Int' is deprecated. Deprecated in Java.
w: file:///home/runner/work/RealityEngineV4/RealityEngineV4/app/src/main/java/com/realityengine/v4/CallActivity.kt:663:29 'val callAudioState: CallAudioState!' is deprecated. Deprecated in Java.
w: file:///home/runner/work/RealityEngineV4/RealityEngineV4/app/src/main/java/com/realityengine/v4/CallActivity.kt:665:63 'fun setAudioRoute(p0: Int): Unit' is deprecated. Deprecated in Java.
w: file:///home/runner/work/RealityEngineV4/RealityEngineV4/app/src/main/java/com/realityengine/v4/CallActivity.kt:671:29 'val callAudioState: CallAudioState!' is deprecated. Deprecated in Java.
w: file:///home/runner/work/RealityEngineV4/RealityEngineV4/app/src/main/java/com/realityengine/v4/CallActivity.kt:675:63 'fun setAudioRoute(p0: Int): Unit' is deprecated. Deprecated in Java.
w: file:///home/runner/work/RealityEngineV4/RealityEngineV4/app/src/main/java/com/realityengine/v4/CallActivity.kt:681:23 'val state: Int' is deprecated. Deprecated in Java.
w: file:///home/runner/work/RealityEngineV4/RealityEngineV4/app/src/main/java/com/realityengine/v4/CallActivity.kt:703:46 'val state: Int' is deprecated. Deprecated in Java.
w: file:///home/runner/work/RealityEngineV4/RealityEngineV4/app/src/main/java/com/realityengine/v4/CallActivity.kt:703:87 'val state: Int' is deprecated. Deprecated in Java.
w: file:///home/runner/work/RealityEngineV4/RealityEngineV4/app/src/main/java/com/realityengine/v4/CallActivity.kt:704:21 'val state: Int' is deprecated. Deprecated in Java.
w: file:///home/runner/work/RealityEngineV4/RealityEngineV4/app/src/main/java/com/realityengine/v4/CallActivity.kt:713:31 'val state: Int' is deprecated. Deprecated in Java.
w: file:///home/runner/work/RealityEngineV4/RealityEngineV4/app/src/main/java/com/realityengine/v4/CallActivity.kt:714:45 'val state: Int' is deprecated. Deprecated in Java.
w: file:///home/runner/work/RealityEngineV4/RealityEngineV4/app/src/main/java/com/realityengine/v4/CallActivity.kt:714:84 'val state: Int' is deprecated. Deprecated in Java.
w: file:///home/runner/work/RealityEngineV4/RealityEngineV4/app/src/main/java/com/realityengine/v4/CallActivity.kt:721:35 'val state: Int' is deprecated. Deprecated in Java.
w: file:///home/runner/work/RealityEngineV4/RealityEngineV4/app/src/main/java/com/realityengine/v4/CallActivity.kt:721:73 'val state: Int' is deprecated. Deprecated in Java.
w: file:///home/runner/work/RealityEngineV4/RealityEngineV4/app/src/main/java/com/realityengine/v4/CallActivity.kt:723:123 'val state: Int' is deprecated. Deprecated in Java.
w: file:///home/runner/work/RealityEngineV4/RealityEngineV4/app/src/main/java/com/realityengine/v4/CallActivity.kt:725:42 'val state: Int' is deprecated. Deprecated in Java.
w: file:///home/runner/work/RealityEngineV4/RealityEngineV4/app/src/main/java/com/realityengine/v4/CallActivity.kt:727:39 'val state: Int' is deprecated. Deprecated in Java.
w: file:///home/runner/work/RealityEngineV4/RealityEngineV4/app/src/main/java/com/realityengine/v4/CallActivity.kt:727:127 'val state: Int' is deprecated. Deprecated in Java.
w: file:///home/runner/work/RealityEngineV4/RealityEngineV4/app/src/main/java/com/realityengine/v4/CallActivity.kt:728:39 'val state: Int' is deprecated. Deprecated in Java.
w: file:///home/runner/work/RealityEngineV4/RealityEngineV4/app/src/main/java/com/realityengine/v4/CallActivity.kt:730:22 'val state: Int' is deprecated. Deprecated in Java.
w: file:///home/runner/work/RealityEngineV4/RealityEngineV4/app/src/main/java/com/realityengine/v4/CallActivity.kt:730:60 'val state: Int' is deprecated. Deprecated in Java.
w: file:///home/runner/work/RealityEngineV4/RealityEngineV4/app/src/main/java/com/realityengine/v4/CallActivity.kt:748:35 'val state: Int' is deprecated. Deprecated in Java.
w: file:///home/runner/work/RealityEngineV4/RealityEngineV4/app/src/main/java/com/realityengine/v4/CallActivity.kt:763:52 'val callAudioState: CallAudioState!' is deprecated. Deprecated in Java.
w: file:///home/runner/work/RealityEngineV4/RealityEngineV4/app/src/main/java/com/realityengine/v4/CallActivity.kt:767:33 'val state: Int' is deprecated. Deprecated in Java.
w: file:///home/runner/work/RealityEngineV4/RealityEngineV4/app/src/main/java/com/realityengine/v4/CallActivity.kt:767:69 'val state: Int' is deprecated. Deprecated in Java.
w: file:///home/runner/work/RealityEngineV4/RealityEngineV4/app/src/main/java/com/realityengine/v4/CallAudioBridge.kt:29:32 'val state: Int' is deprecated. Deprecated in Java.
w: file:///home/runner/work/RealityEngineV4/RealityEngineV4/app/src/main/java/com/realityengine/v4/CallAudioDiagnostics.kt:26:53 'val state: Int' is deprecated. Deprecated in Java.
w: file:///home/runner/work/RealityEngineV4/RealityEngineV4/app/src/main/java/com/realityengine/v4/CallSessionRegistry.kt:35:18 'val state: Int' is deprecated. Deprecated in Java.
w: file:///home/runner/work/RealityEngineV4/RealityEngineV4/app/src/main/java/com/realityengine/v4/CallSessionRegistry.kt:44:38 'val state: Int' is deprecated. Deprecated in Java.
w: file:///home/runner/work/RealityEngineV4/RealityEngineV4/app/src/main/java/com/realityengine/v4/CallSessionRegistry.kt:45:38 'val state: Int' is deprecated. Deprecated in Java.
w: file:///home/runner/work/RealityEngineV4/RealityEngineV4/app/src/main/java/com/realityengine/v4/CallSessionRegistry.kt:46:38 'val state: Int' is deprecated. Deprecated in Java.
w: file:///home/runner/work/RealityEngineV4/RealityEngineV4/app/src/main/java/com/realityengine/v4/CallSessionRegistry.kt:47:38 'val state: Int' is deprecated. Deprecated in Java.
w: file:///home/runner/work/RealityEngineV4/RealityEngineV4/app/src/main/java/com/realityengine/v4/CallSessionRegistry.kt:47:72 'val state: Int' is deprecated. Deprecated in Java.
w: file:///home/runner/work/RealityEngineV4/RealityEngineV4/app/src/main/java/com/realityengine/v4/CallSessionRegistry.kt:48:38 'val state: Int' is deprecated. Deprecated in Java.
w: file:///home/runner/work/RealityEngineV4/RealityEngineV4/app/src/main/java/com/realityengine/v4/CallSoundboardPlayer.kt:21:29 'val callAudioState: CallAudioState!' is deprecated. Deprecated in Java.
w: file:///home/runner/work/RealityEngineV4/RealityEngineV4/app/src/main/java/com/realityengine/v4/CallSoundboardPlayer.kt:24:35 'fun setAudioRoute(p0: Int): Unit' is deprecated. Deprecated in Java.
w: file:///home/runner/work/RealityEngineV4/RealityEngineV4/app/src/main/java/com/realityengine/v4/CallSoundboardPlayer.kt:66:34 'val callAudioState: CallAudioState!' is deprecated. Deprecated in Java.
w: file:///home/runner/work/RealityEngineV4/RealityEngineV4/app/src/main/java/com/realityengine/v4/CallSoundboardPlayer.kt:67:97 'fun setAudioRoute(p0: Int): Unit' is deprecated. Deprecated in Java.
w: file:///home/runner/work/RealityEngineV4/RealityEngineV4/app/src/main/java/com/realityengine/v4/MainActivity.kt:105:18 This declaration overrides a deprecated member but is not marked as deprecated itself. Please add the '@Deprecated' annotation or suppress the diagnostic.
w: file:///home/runner/work/RealityEngineV4/RealityEngineV4/app/src/main/java/com/realityengine/v4/MainActivity.kt:106:54 'fun onBackPressed(): Unit' is deprecated. Deprecated in Java.
w: file:///home/runner/work/RealityEngineV4/RealityEngineV4/app/src/main/java/com/realityengine/v4/PostCallReviewActivity.kt:154:18 This declaration overrides a deprecated member but is not marked as deprecated itself. Please add the '@Deprecated' annotation or suppress the diagnostic.
w: file:///home/runner/work/RealityEngineV4/RealityEngineV4/app/src/main/java/com/realityengine/v4/PostCallReviewActivity.kt:156:19 'fun onBackPressed(): Unit' is deprecated. Deprecated in Java.
w: file:///home/runner/work/RealityEngineV4/RealityEngineV4/app/src/main/java/com/realityengine/v4/RealityInCallService.kt:67:36 'val state: Int' is deprecated. Deprecated in Java.
w: file:///home/runner/work/RealityEngineV4/RealityEngineV4/app/src/main/java/com/realityengine/v4/RealityInCallService.kt:100:18 This declaration overrides a deprecated member but is not marked as deprecated itself. Please add the '@Deprecated' annotation or suppress the diagnostic.
w: file:///home/runner/work/RealityEngineV4/RealityEngineV4/app/src/main/java/com/realityengine/v4/RealityInCallService.kt:101:15 'fun onCallAudioStateChanged(p0: CallAudioState!): Unit' is deprecated. Deprecated in Java.
w: file:///home/runner/work/RealityEngineV4/RealityEngineV4/app/src/main/java/com/realityengine/v4/RealityInCallService.kt:109:33 'val callAudioState: CallAudioState!' is deprecated. Deprecated in Java.
w: file:///home/runner/work/RealityEngineV4/RealityEngineV4/app/src/main/java/com/realityengine/v4/RealityInCallService.kt:115:18 'val state: Int' is deprecated. Deprecated in Java.
w: file:///home/runner/work/RealityEngineV4/RealityEngineV4/app/src/main/java/com/realityengine/v4/RealityInCallService.kt:165:78 'val state: Int' is deprecated. Deprecated in Java.
w: file:///home/runner/work/RealityEngineV4/RealityEngineV4/app/src/main/java/com/realityengine/v4/RealityInCallService.kt:197:68 'val state: Int' is deprecated. Deprecated in Java.
w: file:///home/runner/work/RealityEngineV4/RealityEngineV4/app/src/main/java/com/realityengine/v4/RealityInCallService.kt:208:68 'val state: Int' is deprecated. Deprecated in Java.
w: file:///home/runner/work/RealityEngineV4/RealityEngineV4/app/src/main/java/com/realityengine/v4/RealityInCallService.kt:222:34 'val state: Int' is deprecated. Deprecated in Java.
w: file:///home/runner/work/RealityEngineV4/RealityEngineV4/app/src/main/java/com/realityengine/v4/RealityInCallService.kt:258:18 'val state: Int' is deprecated. Deprecated in Java.
w: file:///home/runner/work/RealityEngineV4/RealityEngineV4/app/src/main/java/com/realityengine/v4/RealityInCallService.kt:260:22 'val state: Int' is deprecated. Deprecated in Java.
w: file:///home/runner/work/RealityEngineV4/RealityEngineV4/app/src/main/java/com/realityengine/v4/RealityOperatorSkin.kt:108:25 'var statusBarColor: Int' is deprecated. Deprecated in Java.
w: file:///home/runner/work/RealityEngineV4/RealityEngineV4/app/src/main/java/com/realityengine/v4/RealityOperatorSkin.kt:109:25 'var navigationBarColor: Int' is deprecated. Deprecated in Java.
w: file:///home/runner/work/RealityEngineV4/RealityEngineV4/app/src/main/java/com/realityengine/v4/SignalTimelineGraphView.kt:138:76 'field scaledDensity: Float' is deprecated. Deprecated in Java.
w: file:///home/runner/work/RealityEngineV4/RealityEngineV4/app/src/main/java/com/realityengine/v4/SplashActivity.kt:23:97 'var statusBarColor: Int' is deprecated. Deprecated in Java.
w: file:///home/runner/work/RealityEngineV4/RealityEngineV4/app/src/main/java/com/realityengine/v4/SplashActivity.kt:23:131 'var navigationBarColor: Int' is deprecated. Deprecated in Java.

> Task :app:compileDebugJavaWithJavac
> Task :app:dexBuilderDebug
> Task :app:mergeDebugGlobalSynthetics
> Task :app:processDebugJavaRes
> Task :app:mergeProjectDexDebug
> Task :app:mergeDebugJavaResource
> Task :app:packageDebug
> Task :app:createDebugApkListingFileRedirect
> Task :app:assembleDebug
gradle/actions: Writing build results to /home/runner/work/_temp/.gradle-actions/build-results/build_apk-1787902448562.json

BUILD SUCCESSFUL in 1m 37s
38 actionable tasks: 38 executed
